src/app/admin/grading/page.tsx(69,57): error TS7006: Parameter 's' implicitly has an 'any' type.
src/app/admin/grading/page.tsx(185,51): error TS7006: Parameter 'system' implicitly has an 'any' type.
src/app/admin/grading/page.tsx(222,65): error TS7006: Parameter 'a' implicitly has an 'any' type.
src/app/admin/grading/page.tsx(222,67): error TS7006: Parameter 'b' implicitly has an 'any' type.
src/app/admin/grading/page.tsx(222,104): error TS7006: Parameter 'scale' implicitly has an 'any' type.
src/app/teacher/practice-questions/[classId]/[subjectId]/[topicId]/page.tsx(15,15): error TS2305: Module '"@/types/database"' has no exported member 'PracticeQuestion'.
src/app/teacher/practice-questions/new/page.tsx(13,31): error TS2305: Module '"@/types/database"' has no exported member 'Topic'.
src/app/teacher/schemes/page.tsx(19,15): error TS2305: Module '"@/types/database"' has no exported member 'SchemeOfWork'.
src/components/admin/GradingSystemModal.tsx(10,58): error TS2305: Module '"@/types/database"' has no exported member 'GradingScale'.
src/components/admin/PremiumTranscript.tsx(3,22): error TS2305: Module '"@/types/database"' has no exported member 'SubjectResult'.
src/components/admin/PremiumTranscript.tsx(131,48): error TS7006: Parameter 'res' implicitly has an 'any' type.
src/components/admin/PremiumTranscript.tsx(131,53): error TS7006: Parameter 'i' implicitly has an 'any' type.
src/components/admin/PremiumTranscript.tsx(146,44): error TS7006: Parameter 'res' implicitly has an 'any' type.
src/components/admin/PremiumTranscript.tsx(146,49): error TS7006: Parameter 'i' implicitly has an 'any' type.
src/components/worksheet/builder/PropertiesPanel.tsx(177,45): error TS7006: Parameter 'opt' implicitly has an 'any' type.
src/components/worksheet/builder/PropertiesPanel.tsx(177,50): error TS7006: Parameter 'i' implicitly has an 'any' type.
src/components/worksheet/builder/PropertiesPanel.tsx(189,89): error TS7006: Parameter 'x' implicitly has an 'any' type.
src/components/worksheet/builder/PropertiesPanel.tsx(210,90): error TS7006: Parameter '_' implicitly has an 'any' type.
src/components/worksheet/builder/PropertiesPanel.tsx(210,93): error TS7006: Parameter 'idx' implicitly has an 'any' type.
src/components/worksheet/builder/SortableBlock.tsx(149,58): error TS7006: Parameter 'part' implicitly has an 'any' type.
src/components/worksheet/builder/SortableBlock.tsx(149,64): error TS7006: Parameter 'i' implicitly has an 'any' type.
src/components/worksheet/builder/SortableBlock.tsx(149,67): error TS7006: Parameter 'arr' implicitly has an 'any' type.
src/components/worksheet/builder/SortableBlock.tsx(190,113): error TS7006: Parameter 'o' implicitly has an 'any' type.
src/components/worksheet/builder/SortableBlock.tsx(192,43): error TS7006: Parameter 'o' implicitly has an 'any' type.
src/components/worksheet/builder/SortableBlock.tsx(192,56): error TS7006: Parameter 'opt' implicitly has an 'any' type.
src/components/worksheet/builder/SortableBlock.tsx(192,61): error TS7006: Parameter 'i' implicitly has an 'any' type.
src/components/worksheet/QuestionBlock.tsx(62,87): error TS7006: Parameter '_' implicitly has an 'any' type.
src/components/worksheet/QuestionBlock.tsx(62,90): error TS7006: Parameter 'idx' implicitly has an 'any' type.
src/components/worksheet/QuestionBlock.tsx(70,99): error TS7006: Parameter '_' implicitly has an 'any' type.
src/components/worksheet/QuestionBlock.tsx(70,102): error TS7006: Parameter 'idx' implicitly has an 'any' type.
src/components/worksheet/QuestionBlock.tsx(152,92): error TS7006: Parameter 'part' implicitly has an 'any' type.
src/components/worksheet/QuestionBlock.tsx(152,98): error TS7006: Parameter 'i' implicitly has an 'any' type.
src/components/worksheet/QuestionBlock.tsx(165,53): error TS7006: Parameter 'opt' implicitly has an 'any' type.
src/components/worksheet/QuestionBlock.tsx(165,58): error TS7006: Parameter 'i' implicitly has an 'any' type.
src/components/worksheet/QuestionBlock.tsx(194,64): error TS7006: Parameter 'p' implicitly has an 'any' type.
src/components/worksheet/QuestionBlock.tsx(194,67): error TS7006: Parameter 'i' implicitly has an 'any' type.
src/components/worksheet/QuestionRenderer.tsx(78,35): error TS7006: Parameter 'opt' implicitly has an 'any' type.
src/components/worksheet/QuestionRenderer.tsx(78,40): error TS7006: Parameter 'i' implicitly has an 'any' type.
src/components/worksheet/QuestionRenderer.tsx(112,37): error TS7006: Parameter 'opt' implicitly has an 'any' type.
src/components/worksheet/QuestionRenderer.tsx(112,42): error TS7006: Parameter 'i' implicitly has an 'any' type.
src/components/worksheet/QuestionRenderer.tsx(187,41): error TS7006: Parameter 'p' implicitly has an 'any' type.
src/components/worksheet/QuestionRenderer.tsx(196,21): error TS7006: Parameter 'pair' implicitly has an 'any' type.
src/components/worksheet/QuestionRenderer.tsx(196,27): error TS7006: Parameter 'i' implicitly has an 'any' type.
src/components/worksheet/QuestionRenderer.tsx(238,24): error TS7006: Parameter 'label' implicitly has an 'any' type.
src/components/worksheet/QuestionRenderer.tsx(249,25): error TS7006: Parameter 'label' implicitly has an 'any' type.
src/components/worksheet/QuestionRenderer.tsx(249,32): error TS7006: Parameter 'i' implicitly has an 'any' type.
src/components/worksheet/QuestionRenderer.tsx(276,33): error TS7006: Parameter 'h' implicitly has an 'any' type.
src/components/worksheet/QuestionRenderer.tsx(276,36): error TS7006: Parameter 'i' implicitly has an 'any' type.
src/components/worksheet/QuestionRenderer.tsx(282,36): error TS7006: Parameter '_' implicitly has an 'any' type.
src/components/worksheet/QuestionRenderer.tsx(282,39): error TS7006: Parameter 'colIndex' implicitly has an 'any' type.
src/components/worksheet/QuestionRenderer.tsx(313,22): error TS7006: Parameter 'part' implicitly has an 'any' type.
src/components/worksheet/QuestionRenderer.tsx(313,28): error TS7006: Parameter 'i' implicitly has an 'any' type.
src/components/worksheet/QuestionRenderer.tsx(440,82): error TS7053: Element implicitly has an 'any' type because expression of type 'any' can't be used to index type '{ easy: string; medium: string; hard: string; }'.
src/components/worksheet/WorksheetPreview.tsx(167,98): error TS7053: Element implicitly has an 'any' type because expression of type 'any' can't be used to index type '{ easy: string; medium: string; hard: string; }'.
src/components/worksheet/WorksheetPreview.tsx(178,53): error TS7006: Parameter 'o' implicitly has an 'any' type.
src/components/worksheet/WorksheetPreview.tsx(178,66): error TS7006: Parameter 'opt' implicitly has an 'any' type.
src/components/worksheet/WorksheetPreview.tsx(178,71): error TS7006: Parameter 'i' implicitly has an 'any' type.
src/components/worksheet/WorksheetPreview.tsx(199,60): error TS7006: Parameter 'p' implicitly has an 'any' type.
src/components/worksheet/WorksheetPreview.tsx(199,63): error TS7006: Parameter 'i' implicitly has an 'any' type.
src/components/worksheet/WorksheetPreview.tsx(202,60): error TS7006: Parameter 'p' implicitly has an 'any' type.
src/components/worksheet/WorksheetPreview.tsx(202,63): error TS7006: Parameter 'i' implicitly has an 'any' type.
src/hooks/useAuth.ts(9,50): error TS2305: Module '"@/types/database"' has no exported member 'Theme'.
src/hooks/useGradingSystem.ts(3,30): error TS2305: Module '"@/types/database"' has no exported member 'GradingScale'.
src/lib/study/goalEngine.ts(1,10): error TS2305: Module '"@/types/database"' has no exported member 'AgeStyle'.
